Archive member included to satisfy reference by file (symbol)

/Applications/STM32CubeIDE.app/Contents/Eclipse/plugins/com.st.stm32cube.ide.mcu.externaltools.gnu-tools-for-stm32.11.3.rel1.macos64_1.1.1.202309131626/tools/bin/../lib/gcc/arm-none-eabi/11.3.1/../../../../arm-none-eabi/lib/thumb/v7e-m+fp/hard/libc_nano.a(libc_a-exit.o)
                              /Applications/STM32CubeIDE.app/Contents/Eclipse/plugins/com.st.stm32cube.ide.mcu.externaltools.gnu-tools-for-stm32.11.3.rel1.macos64_1.1.1.202309131626/tools/bin/../lib/gcc/arm-none-eabi/11.3.1/../../../../arm-none-eabi/lib/thumb/v7e-m+fp/hard/crt0.o (exit)
/Applications/STM32CubeIDE.app/Contents/Eclipse/plugins/com.st.stm32cube.ide.mcu.externaltools.gnu-tools-for-stm32.11.3.rel1.macos64_1.1.1.202309131626/tools/bin/../lib/gcc/arm-none-eabi/11.3.1/../../../../arm-none-eabi/lib/thumb/v7e-m+fp/hard/libc_nano.a(libc_a-snprintf.o)
                              ./Core/Src/main.o (snprintf)
/Applications/STM32CubeIDE.app/Contents/Eclipse/plugins/com.st.stm32cube.ide.mcu.externaltools.gnu-tools-for-stm32.11.3.rel1.macos64_1.1.1.202309131626/tools/bin/../lib/gcc/arm-none-eabi/11.3.1/../../../../arm-none-eabi/lib/thumb/v7e-m+fp/hard/libc_nano.a(libc_a-findfp.o)
                              /Applications/STM32CubeIDE.app/Contents/Eclipse/plugins/com.st.stm32cube.ide.mcu.externaltools.gnu-tools-for-stm32.11.3.rel1.macos64_1.1.1.202309131626/tools/bin/../lib/gcc/arm-none-eabi/11.3.1/../../../../arm-none-eabi/lib/thumb/v7e-m+fp/hard/libc_nano.a(libc_a-exit.o) (__stdio_exit_handler)
/Applications/STM32CubeIDE.app/Contents/Eclipse/plugins/com.st.stm32cube.ide.mcu.externaltools.gnu-tools-for-stm32.11.3.rel1.macos64_1.1.1.202309131626/tools/bin/../lib/gcc/arm-none-eabi/11.3.1/../../../../arm-none-eabi/lib/thumb/v7e-m+fp/hard/libc_nano.a(libc_a-fwalk.o)
                              /Applications/STM32CubeIDE.app/Contents/Eclipse/plugins/com.st.stm32cube.ide.mcu.externaltools.gnu-tools-for-stm32.11.3.rel1.macos64_1.1.1.202309131626/tools/bin/../lib/gcc/arm-none-eabi/11.3.1/../../../../arm-none-eabi/lib/thumb/v7e-m+fp/hard/libc_nano.a(libc_a-findfp.o) (_fwalk_sglue)
/Applications/STM32CubeIDE.app/Contents/Eclipse/plugins/com.st.stm32cube.ide.mcu.externaltools.gnu-tools-for-stm32.11.3.rel1.macos64_1.1.1.202309131626/tools/bin/../lib/gcc/arm-none-eabi/11.3.1/../../../../arm-none-eabi/lib/thumb/v7e-m+fp/hard/libc_nano.a(libc_a-memset.o)
                              /Applications/STM32CubeIDE.app/Contents/Eclipse/plugins/com.st.stm32cube.ide.mcu.externaltools.gnu-tools-for-stm32.11.3.rel1.macos64_1.1.1.202309131626/tools/bin/../lib/gcc/arm-none-eabi/11.3.1/../../../../arm-none-eabi/lib/thumb/v7e-m+fp/hard/crt0.o (memset)
/Applications/STM32CubeIDE.app/Contents/Eclipse/plugins/com.st.stm32cube.ide.mcu.externaltools.gnu-tools-for-stm32.11.3.rel1.macos64_1.1.1.202309131626/tools/bin/../lib/gcc/arm-none-eabi/11.3.1/../../../../arm-none-eabi/lib/thumb/v7e-m+fp/hard/libc_nano.a(libc_a-impure.o)
                              /Applications/STM32CubeIDE.app/Contents/Eclipse/plugins/com.st.stm32cube.ide.mcu.externaltools.gnu-tools-for-stm32.11.3.rel1.macos64_1.1.1.202309131626/tools/bin/../lib/gcc/arm-none-eabi/11.3.1/../../../../arm-none-eabi/lib/thumb/v7e-m+fp/hard/libc_nano.a(libc_a-snprintf.o) (_impure_ptr)
/Applications/STM32CubeIDE.app/Contents/Eclipse/plugins/com.st.stm32cube.ide.mcu.externaltools.gnu-tools-for-stm32.11.3.rel1.macos64_1.1.1.202309131626/tools/bin/../lib/gcc/arm-none-eabi/11.3.1/../../../../arm-none-eabi/lib/thumb/v7e-m+fp/hard/libc_nano.a(libc_a-errno.o)
                              ./Core/Src/syscalls.o (__errno)
/Applications/STM32CubeIDE.app/Contents/Eclipse/plugins/com.st.stm32cube.ide.mcu.externaltools.gnu-tools-for-stm32.11.3.rel1.macos64_1.1.1.202309131626/tools/bin/../lib/gcc/arm-none-eabi/11.3.1/../../../../arm-none-eabi/lib/thumb/v7e-m+fp/hard/libc_nano.a(libc_a-init.o)
                              /Applications/STM32CubeIDE.app/Contents/Eclipse/plugins/com.st.stm32cube.ide.mcu.externaltools.gnu-tools-for-stm32.11.3.rel1.macos64_1.1.1.202309131626/tools/bin/../lib/gcc/arm-none-eabi/11.3.1/../../../../arm-none-eabi/lib/thumb/v7e-m+fp/hard/crt0.o (__libc_init_array)
/Applications/STM32CubeIDE.app/Contents/Eclipse/plugins/com.st.stm32cube.ide.mcu.externaltools.gnu-tools-for-stm32.11.3.rel1.macos64_1.1.1.202309131626/tools/bin/../lib/gcc/arm-none-eabi/11.3.1/../../../../arm-none-eabi/lib/thumb/v7e-m+fp/hard/libc_nano.a(libc_a-lock.o)
                              /Applications/STM32CubeIDE.app/Contents/Eclipse/plugins/com.st.stm32cube.ide.mcu.externaltools.gnu-tools-for-stm32.11.3.rel1.macos64_1.1.1.202309131626/tools/bin/../lib/gcc/arm-none-eabi/11.3.1/../../../../arm-none-eabi/lib/thumb/v7e-m+fp/hard/libc_nano.a(libc_a-findfp.o) (__retarget_lock_init_recursive)
[...]
Memory Configuration

Name             Origin             Length             Attributes
RAM              0x0000000020000000 0x0000000000018000 xrw
RAM2             0x0000000010000000 0x0000000000008000 xrw
FLASH            0x0000000008000000 0x0000000000100000 xr
*default*        0x0000000000000000 0xffffffffffffffff

Linker script and memory map

LOAD /Applications/STM32CubeIDE.app/Contents/Eclipse/plugins/com.st.stm32cube.ide.mcu.externaltools.gnu-tools-for-stm32.11.3.rel1.macos64_1.1.1.202309131626/tools/bin/../lib/gcc/arm-none-eabi/11.3.1/thumb/v7e-m+fp/hard/crti.o
LOAD /Applications/STM32CubeIDE.app/Contents/Eclipse/plugins/com.st.stm32cube.ide.mcu.externaltools.gnu-tools-for-stm32.11.3.rel1.macos64_1.1.1.202309131626/tools/bin/../lib/gcc/arm-none-eabi/11.3.1/thumb/v7e-m+fp/hard/crtbegin.o
LOAD /Applications/STM32CubeIDE.app/Contents/Eclipse/plugins/com.st.stm32cube.ide.mcu.externaltools.gnu-tools-for-stm32.11.3.rel1.macos64_1.1.1.202309131626/tools/bin/../lib/gcc/arm-none-eabi/11.3.1/../../../../arm-none-eabi/lib/thumb/v7e-m+fp/hard/crt0.o
LOAD ./Core/Src/main.o
LOAD ./Core/Src/stm32l4xx_hal_msp.o
LOAD ./Core/Src/stm32l4xx_it.o
LOAD ./Core/Src/syscalls.o
LOAD ./Core/Src/sysmem.o
LOAD ./Core/Src/system_stm32l4xx.o
LOAD ./Core/Startup/startup_stm32l476rgtx.o
LOAD ./Drivers/STM32L4xx_HAL_Driver/Src/stm32l4xx_hal.o
LOAD ./Drivers/STM32L4xx_HAL_Driver/Src/stm32l4xx_hal_cortex.o
LOAD ./Drivers/STM32L4xx_HAL_Driver/Src/stm32l4xx_hal_dma.o
LOAD ./Drivers/STM32L4xx_HAL_Driver/Src/stm32l4xx_hal_dma_ex.o
LOAD ./Drivers/STM32L4xx_HAL_Driver/Src/stm32l4xx_hal_exti.o
LOAD ./Drivers/STM32L4xx_HAL_Driver/Src/stm32l4xx_hal_flash.o
LOAD ./Drivers/STM32L4xx_HAL_Driver/Src/stm32l4xx_hal_flash_ex.o
LOAD ./Drivers/STM32L4xx_HAL_Driver/Src/stm32l4xx_hal_flash_ramfunc.o
LOAD ./Drivers/STM32L4xx_HAL_Driver/Src/stm32l4xx_hal_gpio.o
LOAD ./Drivers/STM32L4xx_HAL_Driver/Src/stm32l4xx_hal_pwr.o
LOAD ./Drivers/STM32L4xx_HAL_Driver/Src/stm32l4xx_hal_pwr_ex.o
LOAD ./Drivers/STM32L4xx_HAL_Driver/Src/stm32l4xx_hal_rcc.o
LOAD ./Drivers/STM32L4xx_HAL_Driver/Src/stm32l4xx_hal_rcc_ex.o
LOAD ./Drivers/STM32L4xx_HAL_Driver/Src/stm32l4xx_hal_tim.o
LOAD ./Drivers/STM32L4xx_HAL_Driver/Src/stm32l4xx_hal_tim_ex.o
LOAD ./Drivers/STM32L4xx_HAL_Driver/Src/stm32l4xx_hal_uart.o
LOAD ./Drivers/STM32L4xx_HAL_Driver/Src/stm32l4xx_hal_uart_ex.o
START GROUP
LOAD /Applications/STM32CubeIDE.app/Contents/Eclipse/plugins/com.st.stm32cube.ide.mcu.externaltools.gnu-tools-for-stm32.11.3.rel1.macos64_1.1.1.202309131626/tools/bin/../lib/gcc/arm-none-eabi/11.3.1/../../../../arm-none-eabi/lib/thumb/v7e-m+fp/hard/libc_nano.a
LOAD /Applications/STM32CubeIDE.app/Contents/Eclipse/plugins/com.st.stm32cube.ide.mcu.externaltools.gnu-tools-for-stm32.11.3.rel1.macos64_1.1.1.202309131626/tools/bin/../lib/gcc/arm-none-eabi/11.3.1/../../../../arm-none-eabi/lib/thumb/v7e-m+fp/hard/libm.a
END GROUP
START GROUP
LOAD /Applications/STM32CubeIDE.app/Contents/Eclipse/plugins/com.st.stm32cube.ide.mcu.externaltools.gnu-tools-for-stm32.11.3.rel1.macos64_1.1.1.202309131626/tools/bin/../lib/gcc/arm-none-eabi/11.3.1/thumb/v7e-m+fp/hard/libgcc.a
LOAD /Applications/STM32CubeIDE.app/Contents/Eclipse/plugins/com.st.stm32cube.ide.mcu.externaltools.gnu-tools-for-stm32.11.3.rel1.macos64_1.1.1.202309131626/tools/bin/../lib/gcc/arm-none-eabi/11.3.1/../../../../arm-none-eabi/lib/thumb/v7e-m+fp/hard/libc_nano.a
END GROUP
START GROUP
LOAD /Applications/STM32CubeIDE.app/Contents/Eclipse/plugins/com.st.stm32cube.ide.mcu.externaltools.gnu-tools-for-stm32.11.3.rel1.macos64_1.1.1.202309131626/tools/bin/../lib/gcc/arm-none-eabi/11.3.1/thumb/v7e-m+fp/hard/libgcc.a
LOAD /Applications/STM32CubeIDE.app/Contents/Eclipse/plugins/com.st.stm32cube.ide.mcu.externaltools.gnu-tools-for-stm32.11.3.rel1.macos64_1.1.1.202309131626/tools/bin/../lib/gcc/arm-none-eabi/11.3.1/../../../../arm-none-eabi/lib/thumb/v7e-m+fp/hard/libc_nano.a
LOAD /Applications/STM32CubeIDE.app/Contents/Eclipse/plugins/com.st.stm32cube.ide.mcu.externaltools.gnu-tools-for-stm32.11.3.rel1.macos64_1.1.1.202309131626/tools/bin/../lib/gcc/arm-none-eabi/11.3.1/../../../../arm-none-eabi/lib/thumb/v7e-m+fp/hard/libnosys.a
END GROUP
START GROUP
LOAD /Applications/STM32CubeIDE.app/Contents/Eclipse/plugins/com.st.stm32cube.ide.mcu.externaltools.gnu-tools-for-stm32.11.3.rel1.macos64_1.1.1.202309131626/tools/bin/../lib/gcc/arm-none-eabi/11.3.1/thumb/v7e-m+fp/hard/libgcc.a
LOAD /Applications/STM32CubeIDE.app/Contents/Eclipse/plugins/com.st.stm32cube.ide.mcu.externaltools.gnu-tools-for-stm32.11.3.rel1.macos64_1.1.1.202309131626/tools/bin/../lib/gcc/arm-none-eabi/11.3.1/../../../../arm-none-eabi/lib/thumb/v7e-m+fp/hard/libc_nano.a
LOAD /Applications/STM32CubeIDE.app/Contents/Eclipse/plugins/com.st.stm32cube.ide.mcu.externaltools.gnu-tools-for-stm32.11.3.rel1.macos64_1.1.1.202309131626/tools/bin/../lib/gcc/arm-none-eabi/11.3.1/../../../../arm-none-eabi/lib/thumb/v7e-m+fp/hard/libnosys.a
END GROUP
LOAD /Applications/STM32CubeIDE.app/Contents/Eclipse/plugins/com.st.stm32cube.ide.mcu.externaltools.gnu-tools-for-stm32.11.3.rel1.macos64_1.1.1.202309131626/tools/bin/../lib/gcc/arm-none-eabi/11.3.1/thumb/v7e-m+fp/hard/crtend.o
LOAD /Applications/STM32CubeIDE.app/Contents/Eclipse/plugins/com.st.stm32cube.ide.mcu.externaltools.gnu-tools-for-stm32.11.3.rel1.macos64_1.1.1.202309131626/tools/bin/../lib/gcc/arm-none-eabi/11.3.1/thumb/v7e-m+fp/hard/crtn.o
                0x0000000020018000                _estack = (ORIGIN (RAM) + LENGTH (RAM))
                0x0000000000000200                _Min_Heap_Size = 0x200
                0x0000000000000400                _Min_Stack_Size = 0x400

.isr_vector     0x0000000008000000      0x188
                0x0000000008000000                . = ALIGN (0x4)
 *(.isr_vector)
 .isr_vector    0x0000000008000000      0x188 ./Core/Startup/startup_stm32l476rgtx.o
                0x0000000008000000                g_pfnVectors
                0x0000000008000188                . = ALIGN (0x4)

.text           0x0000000008000188     0x2864
                0x0000000008000188                . = ALIGN (0x4)
 *(.text)
 .text          0x0000000008000188       0x40 /Applications/STM32CubeIDE.app/Contents/Eclipse/plugins/com.st.stm32cube.ide.mcu.externaltools.gnu-tools-for-stm32.11.3.rel1.macos64_1.1.1.202309131626/tools/bin/../lib/gcc/arm-none-eabi/11.3.1/thumb/v7e-m+fp/hard/crtbegin.o
 *(.text*)
 .text.get_joystick_button
                0x00000000080001c8       0x22 ./Core/Src/main.o
                0x00000000080001c8                get_joystick_button
 *fill*         0x00000000080001ea        0x2 
 .text.joystick_button_init
                0x00000000080001ec       0x50 ./Core/Src/main.o
                0x00000000080001ec                joystick_button_init
 .text.ycoord_start_conversion
                0x000000000800023c       0x20 ./Core/Src/main.o
                0x000000000800023c                ycoord_start_conversion
 .text.xcoord_start_conversion
                0x000000000800025c       0x20 ./Core/Src/main.o
                0x000000000800025c                xcoord_start_conversion
 .text.ycoord_adc_init
                0x000000000800027c      0x164 ./Core/Src/main.o
                0x000000000800027c                ycoord_adc_init
 .text.xcoord_adc_init
                0x00000000080003e0      0x164 ./Core/Src/main.o
                0x00000000080003e0                xcoord_adc_init
 .text.Error_Handler
                0x0000000008000544        0xa ./Core/Src/main.o
                0x0000000008000544                Error_Handler
 .text.SystemClock_Config
                0x000000000800054e       0x8c ./Core/Src/main.o
                0x000000000800054e                SystemClock_Config
 *fill*         0x00000000080005da        0x2 
 .text.USART_init
                0x00000000080005dc       0xd0 ./Core/Src/main.o
                0x00000000080005dc                USART_init
 .text.USART_Print
                0x00000000080006ac       0x50 ./Core/Src/main.o
                0x00000000080006ac                USART_Print
 .text.USART_Escape_Code
                0x00000000080006fc       0x30 ./Core/Src/main.o
                0x00000000080006fc                USART_Escape_Code
 .text.USART2_IRQHandler
                0x000000000800072c       0x2c ./Core/Src/main.o
                0x000000000800072c                USART2_IRQHandler
 .text.loop_keypad_once
                0x0000000008000758       0x8c ./Core/Src/main.o
                0x0000000008000758                loop_keypad_once
 .text.keypad_init
                0x00000000080007e4       0x60 ./Core/Src/main.o
                0x00000000080007e4                keypad_init
 .text.make_hi  0x0000000008000844       0x86 ./Core/Src/main.o
                0x0000000008000844                make_hi
 .text.make_smiley
                0x00000000080008ca       0x4e ./Core/Src/main.o
                0x00000000080008ca                make_smiley
 .text.set_matrix_section
                0x0000000008000918       0x68 ./Core/Src/main.o
                0x0000000008000918                set_matrix_section
 .text.set_LAT  0x0000000008000980       0x38 ./Core/Src/main.o
                0x0000000008000980                set_LAT
 .text.set_OE   0x00000000080009b8       0x38 ./Core/Src/main.o
                0x00000000080009b8                set_OE
 .text.drive_matrix_clk
                0x00000000080009f0       0x2c ./Core/Src/main.o
                0x00000000080009f0                drive_matrix_clk
 .text.set_RGB_val
                0x0000000008000a1c       0x48 ./Core/Src/main.o
                0x0000000008000a1c                set_RGB_val
 .text.clear_RGB_val
                0x0000000008000a64       0x20 ./Core/Src/main.o
                0x0000000008000a64                clear_RGB_val
 .text.matrix_begin
                0x0000000008000a84       0x38 ./Core/Src/main.o
                0x0000000008000a84                matrix_begin
 .text.matrix_init
                0x0000000008000abc       0x84 ./Core/Src/main.o
                0x0000000008000abc                matrix_init
 .text.TIM2_init
                0x0000000008000b40       0x98 ./Core/Src/main.o
                0x0000000008000b40                TIM2_init
 .text.main     0x0000000008000bd8      0x428 ./Core/Src/main.o
                0x0000000008000bd8                main
 .text.TIM2_IRQHandler
                0x0000000008001000       0x38 ./Core/Src/main.o
                0x0000000008001000                TIM2_IRQHandler
 .text.ADC1_2_IRQHandler
                0x0000000008001038       0x60 ./Core/Src/main.o
                0x0000000008001038                ADC1_2_IRQHandler
 .text.move_cursor
                0x0000000008001098      0x228 ./Core/Src/main.o
                0x0000000008001098                move_cursor
 .text.add_pt_to_shape
                0x00000000080012c0       0x98 ./Core/Src/main.o
                0x00000000080012c0                add_pt_to_shape
 .text.draw_shape
                0x0000000008001358       0x62 ./Core/Src/main.o
                0x0000000008001358                draw_shape
 .text.draw_rect
                0x00000000080013ba       0xa2 ./Core/Src/main.o
                0x00000000080013ba                draw_rect
 .text.draw_vertical_line
                0x000000000800145c       0x44 ./Core/Src/main.o
                0x000000000800145c                draw_vertical_line
 .text.draw_horizontal_line
                0x00000000080014a0       0x44 ./Core/Src/main.o
                0x00000000080014a0                draw_horizontal_line
 .text.get_min  0x00000000080014e4       0x2a ./Core/Src/main.o
                0x00000000080014e4                get_min
 .text.get_max  0x000000000800150e       0x2a ./Core/Src/main.o
                0x000000000800150e                get_max
 .text.get_shape_index
                0x0000000008001538       0x56 ./Core/Src/main.o
                0x0000000008001538                get_shape_index
 .text.reset_shapes
                0x000000000800158e       0x7c ./Core/Src/main.o
                0x000000000800158e                reset_shapes
 .text.reset_this_shape
                0x000000000800160a       0x44 ./Core/Src/main.o
                0x000000000800160a                reset_this_shape
 *fill*         0x000000000800164e        0x2 
 .text.check_color
                0x0000000008001650       0x88 ./Core/Src/main.o
                0x0000000008001650                check_color
 .text.clear_pixel
                0x00000000080016d8       0x70 ./Core/Src/main.o
                0x00000000080016d8                clear_pixel
 .text.draw_pixel
                0x0000000008001748       0x44 ./Core/Src/main.o
                0x0000000008001748                draw_pixel
 .text.fill_matrix
                0x000000000800178c       0x64 ./Core/Src/main.o
                0x000000000800178c                fill_matrix
 .text.clear_matrix
                0x00000000080017f0       0x8c ./Core/Src/main.o
                0x00000000080017f0                clear_matrix
 .text.update_display
                0x000000000800187c       0xd0 ./Core/Src/main.o
                0x000000000800187c                update_display
 .text.HAL_MspInit
                0x000000000800194c       0x48 ./Core/Src/stm32l4xx_hal_msp.o
                0x000000000800194c                HAL_MspInit
 .text.NMI_Handler
                0x0000000008001994        0x6 ./Core/Src/stm32l4xx_it.o
                0x0000000008001994                NMI_Handler
 .text.HardFault_Handler
                0x000000000800199a        0x6 ./Core/Src/stm32l4xx_it.o
                0x000000000800199a                HardFault_Handler
 .text.MemManage_Handler
                0x00000000080019a0        0x6 ./Core/Src/stm32l4xx_it.o
                0x00000000080019a0                MemManage_Handler
 .text.BusFault_Handler
                0x00000000080019a6        0x6 ./Core/Src/stm32l4xx_it.o
                0x00000000080019a6                BusFault_Handler
 .text.UsageFault_Handler
                0x00000000080019ac        0x6 ./Core/Src/stm32l4xx_it.o
                0x00000000080019ac                UsageFault_Handler
 .text.SVC_Handler
                0x00000000080019b2        0xe ./Core/Src/stm32l4xx_it.o
                0x00000000080019b2                SVC_Handler
 .text.DebugMon_Handler
                0x00000000080019c0        0xe ./Core/Src/stm32l4xx_it.o
                0x00000000080019c0                DebugMon_Handler
 .text.PendSV_Handler
                0x00000000080019ce        0xe ./Core/Src/stm32l4xx_it.o
                0x00000000080019ce                PendSV_Handler
 .text.SysTick_Handler
                0x00000000080019dc        0xc ./Core/Src/stm32l4xx_it.o
                0x00000000080019dc                SysTick_Handler
 .text.SystemInit
                0x00000000080019e8       0x24 ./Core/Src/system_stm32l4xx.o
                0x00000000080019e8                SystemInit
 .text.Reset_Handler
                0x0000000008001a0c       0x50 ./Core/Startup/startup_stm32l476rgtx.o
                0x0000000008001a0c                Reset_Handler
 .text.Default_Handler
                0x0000000008001a5c        0x2 ./Core/Startup/startup_stm32l476rgtx.o
                0x0000000008001a5c                TIM1_BRK_TIM15_IRQHandler
                0x0000000008001a5c                EXTI2_IRQHandler
                0x0000000008001a5c                TIM8_TRG_COM_IRQHandler
                0x0000000008001a5c                TIM8_CC_IRQHandler
                0x0000000008001a5c                TIM1_CC_IRQHandler
                0x0000000008001a5c                TSC_IRQHandler
                0x0000000008001a5c                TAMP_STAMP_IRQHandler
                0x0000000008001a5c                EXTI3_IRQHandler
                0x0000000008001a5c                LPTIM2_IRQHandler
                0x0000000008001a5c                DFSDM1_FLT1_IRQHandler
                0x0000000008001a5c                I2C3_ER_IRQHandler
                0x0000000008001a5c                DFSDM1_FLT2_IRQHandler
                0x0000000008001a5c                EXTI0_IRQHandler
                0x0000000008001a5c                I2C2_EV_IRQHandler
                0x0000000008001a5c                CAN1_RX0_IRQHandler
                0x0000000008001a5c                FPU_IRQHandler
                0x0000000008001a5c                TIM1_UP_TIM16_IRQHandler
                0x0000000008001a5c                SPI1_IRQHandler
                0x0000000008001a5c                TIM6_DAC_IRQHandler
                0x0000000008001a5c                TIM8_UP_IRQHandler
                0x0000000008001a5c                DMA2_Channel2_IRQHandler
                0x0000000008001a5c                DMA1_Channel4_IRQHandler
                0x0000000008001a5c                SAI2_IRQHandler
                0x0000000008001a5c                DFSDM1_FLT3_IRQHandler
                0x0000000008001a5c                USART3_IRQHandler
                0x0000000008001a5c                DMA1_Channel7_IRQHandler
                0x0000000008001a5c                CAN1_RX1_IRQHandler
                0x0000000008001a5c                LCD_IRQHandler
                0x0000000008001a5c                UART5_IRQHandler
                0x0000000008001a5c                ADC3_IRQHandler
                0x0000000008001a5c                TIM4_IRQHandler
                0x0000000008001a5c                DMA2_Channel1_IRQHandler
                0x0000000008001a5c                QUADSPI_IRQHandler
                0x0000000008001a5c                I2C1_EV_IRQHandler
                0x0000000008001a5c                DMA1_Channel6_IRQHandler
                0x0000000008001a5c                UART4_IRQHandler
                0x0000000008001a5c                DMA2_Channel4_IRQHandler
                0x0000000008001a5c                TIM3_IRQHandler
                0x0000000008001a5c                RCC_IRQHandler
                0x0000000008001a5c                DMA1_Channel1_IRQHandler
                0x0000000008001a5c                Default_Handler
                0x0000000008001a5c                DMA2_Channel7_IRQHandler
                0x0000000008001a5c                EXTI15_10_IRQHandler
                0x0000000008001a5c                TIM7_IRQHandler
                0x0000000008001a5c                SDMMC1_IRQHandler
                0x0000000008001a5c                TIM5_IRQHandler
                0x0000000008001a5c                I2C3_EV_IRQHandler
                0x0000000008001a5c                EXTI9_5_IRQHandler
                0x0000000008001a5c                RTC_WKUP_IRQHandler
                0x0000000008001a5c                PVD_PVM_IRQHandler
                0x0000000008001a5c                SPI2_IRQHandler
                0x0000000008001a5c                CAN1_TX_IRQHandler
                0x0000000008001a5c                DMA2_Channel5_IRQHandler
                0x0000000008001a5c                DMA1_Channel5_IRQHandler
                0x0000000008001a5c                EXTI4_IRQHandler
                0x0000000008001a5c                RNG_IRQHandler
                0x0000000008001a5c                TIM1_TRG_COM_TIM17_IRQHandler
                0x0000000008001a5c                DMA1_Channel3_IRQHandler
                0x0000000008001a5c                COMP_IRQHandler
                0x0000000008001a5c                WWDG_IRQHandler
                0x0000000008001a5c                LPUART1_IRQHandler
                0x0000000008001a5c                DMA2_Channel6_IRQHandler
                0x0000000008001a5c                EXTI1_IRQHandler
                0x0000000008001a5c                DFSDM1_FLT0_IRQHandler
                0x0000000008001a5c                I2C2_ER_IRQHandler
                0x0000000008001a5c                DMA1_Channel2_IRQHandler
                0x0000000008001a5c                TIM8_BRK_IRQHandler
                0x0000000008001a5c                CAN1_SCE_IRQHandler
                0x0000000008001a5c                FLASH_IRQHandler
                0x0000000008001a5c                USART1_IRQHandler
                0x0000000008001a5c                OTG_FS_IRQHandler
                0x0000000008001a5c                SPI3_IRQHandler
                0x0000000008001a5c                I2C1_ER_IRQHandler
                0x0000000008001a5c                FMC_IRQHandler
                0x0000000008001a5c                SWPMI1_IRQHandler
                0x0000000008001a5c                LPTIM1_IRQHandler
                0x0000000008001a5c                SAI1_IRQHandler
                0x0000000008001a5c                DMA2_Channel3_IRQHandler
                0x0000000008001a5c                RTC_Alarm_IRQHandler
 *fill*         0x0000000008001a5e        0x2 
 .text.HAL_Init
                0x0000000008001a60       0x40 ./Drivers/STM32L4xx_HAL_Driver/Src/stm32l4xx_hal.o
                0x0000000008001a60                HAL_Init
 .text.HAL_InitTick
                0x0000000008001aa0       0x78 ./Drivers/STM32L4xx_HAL_Driver/Src/stm32l4xx_hal.o
                0x0000000008001aa0                HAL_InitTick
 .text.HAL_IncTick
                0x0000000008001b18       0x28 ./Drivers/STM32L4xx_HAL_Driver/Src/stm32l4xx_hal.o
                0x0000000008001b18                HAL_IncTick
 .text.HAL_GetTick
                0x0000000008001b40       0x18 ./Drivers/STM32L4xx_HAL_Driver/Src/stm32l4xx_hal.o
                0x0000000008001b40                HAL_GetTick
 .text.__NVIC_SetPriorityGrouping
                0x0000000008001b58       0x48 ./Drivers/STM32L4xx_HAL_Driver/Src/stm32l4xx_hal_cortex.o
 .text.__NVIC_GetPriorityGrouping
                0x0000000008001ba0       0x1c ./Drivers/STM32L4xx_HAL_Driver/Src/stm32l4xx_hal_cortex.o
 .text.__NVIC_SetPriority
                0x0000000008001bbc       0x54 ./Drivers/STM32L4xx_HAL_Driver/Src/stm32l4xx_hal_cortex.o
 .text.NVIC_EncodePriority
                0x0000000008001c10       0x66 ./Drivers/STM32L4xx_HAL_Driver/Src/stm32l4xx_hal_cortex.o
 *fill*         0x0000000008001c76        0x2 
 .text.SysTick_Config
                0x0000000008001c78       0x44 ./Drivers/STM32L4xx_HAL_Driver/Src/stm32l4xx_hal_cortex.o
 .text.HAL_NVIC_SetPriorityGrouping
                0x0000000008001cbc       0x16 ./Drivers/STM32L4xx_HAL_Driver/Src/stm32l4xx_hal_cortex.o
                0x0000000008001cbc                HAL_NVIC_SetPriorityGrouping
 .text.HAL_NVIC_SetPriority
                0x0000000008001cd2       0x38 ./Drivers/STM32L4xx_HAL_Driver/Src/stm32l4xx_hal_cortex.o
                0x0000000008001cd2                HAL_NVIC_SetPriority
 .text.HAL_SYSTICK_Config
                0x0000000008001d0a       0x18 ./Drivers/STM32L4xx_HAL_Driver/Src/stm32l4xx_hal_cortex.o
                0x0000000008001d0a                HAL_SYSTICK_Config
 *fill*         0x0000000008001d22        0x2 
 .text.HAL_PWREx_GetVoltageRange
                0x0000000008001d24       0x1c ./Drivers/STM32L4xx_HAL_Driver/Src/stm32l4xx_hal_pwr_ex.o
                0x0000000008001d24                HAL_PWREx_GetVoltageRange
 .text.HAL_PWREx_ControlVoltageScaling
                0x0000000008001d40       0xac ./Drivers/STM32L4xx_HAL_Driver/Src/stm32l4xx_hal_pwr_ex.o
                0x0000000008001d40                HAL_PWREx_ControlVoltageScaling
 .text.HAL_RCC_OscConfig
                0x0000000008001dec      0x7b8 ./Drivers/STM32L4xx_HAL_Driver/Src/stm32l4xx_hal_rcc.o
                0x0000000008001dec                HAL_RCC_OscConfig
 .text.HAL_RCC_ClockConfig
                0x00000000080025a4      0x200 ./Drivers/STM32L4xx_HAL_Driver/Src/stm32l4xx_hal_rcc.o
                0x00000000080025a4                HAL_RCC_ClockConfig
 .text.HAL_RCC_GetSysClockFreq
                0x00000000080027a4      0x118 ./Drivers/STM32L4xx_HAL_Driver/Src/stm32l4xx_hal_rcc.o
                0x00000000080027a4                HAL_RCC_GetSysClockFreq
 .text.RCC_SetFlashLatencyFromMSIRange
                0x00000000080028bc       0xc0 ./Drivers/STM32L4xx_HAL_Driver/Src/stm32l4xx_hal_rcc.o
 .text.memset   0x000000000800297c       0x10 /Applications/STM32CubeIDE.app/Contents/Eclipse/plugins/com.st.stm32cube.ide.mcu.externaltools.gnu-tools-for-stm32.11.3.rel1.macos64_1.1.1.202309131626/tools/bin/../lib/gcc/arm-none-eabi/11.3.1/../../../../arm-none-eabi/lib/thumb/v7e-m+fp/hard/libc_nano.a(libc_a-memset.o)
                0x000000000800297c                memset
 .text.__libc_init_array
                0x000000000800298c       0x48 /Applications/STM32CubeIDE.app/Contents/Eclipse/plugins/com.st.stm32cube.ide.mcu.externaltools.gnu-tools-for-stm32.11.3.rel1.macos64_1.1.1.202309131626/tools/bin/../lib/gcc/arm-none-eabi/11.3.1/../../../../arm-none-eabi/lib/thumb/v7e-m+fp/hard/libc_nano.a(libc_a-init.o)
                0x000000000800298c                __libc_init_array
 *(.glue_7)
 .glue_7        0x00000000080029d4        0x0 linker stubs
 *(.glue_7t)
 .glue_7t       0x00000000080029d4        0x0 linker stubs
 *(.eh_frame)
 .eh_frame      0x00000000080029d4        0x0 /Applications/STM32CubeIDE.app/Contents/Eclipse/plugins/com.st.stm32cube.ide.mcu.externaltools.gnu-tools-for-stm32.11.3.rel1.macos64_1.1.1.202309131626/tools/bin/../lib/gcc/arm-none-eabi/11.3.1/thumb/v7e-m+fp/hard/crtbegin.o
 *(.init)
 .init          0x00000000080029d4        0x4 /Applications/STM32CubeIDE.app/Contents/Eclipse/plugins/com.st.stm32cube.ide.mcu.externaltools.gnu-tools-for-stm32.11.3.rel1.macos64_1.1.1.202309131626/tools/bin/../lib/gcc/arm-none-eabi/11.3.1/thumb/v7e-m+fp/hard/crti.o
                0x00000000080029d4                _init
 .init          0x00000000080029d8        0x8 /Applications/STM32CubeIDE.app/Contents/Eclipse/plugins/com.st.stm32cube.ide.mcu.externaltools.gnu-tools-for-stm32.11.3.rel1.macos64_1.1.1.202309131626/tools/bin/../lib/gcc/arm-none-eabi/11.3.1/thumb/v7e-m+fp/hard/crtn.o
 *(.fini)
 .fini          0x00000000080029e0        0x4 /Applications/STM32CubeIDE.app/Contents/Eclipse/plugins/com.st.stm32cube.ide.mcu.externaltools.gnu-tools-for-stm32.11.3.rel1.macos64_1.1.1.202309131626/tools/bin/../lib/gcc/arm-none-eabi/11.3.1/thumb/v7e-m+fp/hard/crti.o
                0x00000000080029e0                _fini
 .fini          0x00000000080029e4        0x8 /Applications/STM32CubeIDE.app/Contents/Eclipse/plugins/com.st.stm32cube.ide.mcu.externaltools.gnu-tools-for-stm32.11.3.rel1.macos64_1.1.1.202309131626/tools/bin/../lib/gcc/arm-none-eabi/11.3.1/thumb/v7e-m+fp/hard/crtn.o
                0x00000000080029ec                . = ALIGN (0x4)
                0x00000000080029ec                _etext = .

.vfp11_veneer   0x00000000080029ec        0x0
 .vfp11_veneer  0x00000000080029ec        0x0 linker stubs

.v4_bx          0x00000000080029ec        0x0
 .v4_bx         0x00000000080029ec        0x0 linker stubs

.iplt           0x00000000080029ec        0x0
 .iplt          0x00000000080029ec        0x0 /Applications/STM32CubeIDE.app/Contents/Eclipse/plugins/com.st.stm32cube.ide.mcu.externaltools.gnu-tools-for-stm32.11.3.rel1.macos64_1.1.1.202309131626/tools/bin/../lib/gcc/arm-none-eabi/11.3.1/thumb/v7e-m+fp/hard/crtbegin.o

.rodata         0x00000000080029ec       0xa0
                0x00000000080029ec                . = ALIGN (0x4)
 *(.rodata)
 .rodata        0x00000000080029ec       0x3f ./Core/Src/main.o
 *(.rodata*)
 *fill*         0x0000000008002a2b        0x1 
 .rodata.keypad_vals
                0x0000000008002a2c        0xc ./Core/Src/main.o
                0x0000000008002a2c                keypad_vals
 .rodata.WHITE  0x0000000008002a38        0x3 ./Core/Src/main.o
                0x0000000008002a38                WHITE
 *fill*         0x0000000008002a3b        0x1 
 .rodata.BLACK  0x0000000008002a3c        0x3 ./Core/Src/main.o
                0x0000000008002a3c                BLACK
 *fill*         0x0000000008002a3f        0x1 
 .rodata.PURPLE
                0x0000000008002a40        0x3 ./Core/Src/main.o
                0x0000000008002a40                PURPLE
 *fill*         0x0000000008002a43        0x1 
 .rodata.YELLOW
                0x0000000008002a44        0x3 ./Core/Src/main.o
                0x0000000008002a44                YELLOW
 *fill*         0x0000000008002a47        0x1 
 .rodata.CYAN   0x0000000008002a48        0x3 ./Core/Src/main.o
                0x0000000008002a48                CYAN
 *fill*         0x0000000008002a4b        0x1 
 .rodata.AHBPrescTable
                0x0000000008002a4c       0x10 ./Core/Src/system_stm32l4xx.o
                0x0000000008002a4c                AHBPrescTable
 .rodata.MSIRangeTable
                0x0000000008002a5c       0x30 ./Core/Src/system_stm32l4xx.o
                0x0000000008002a5c                MSIRangeTable
                0x0000000008002a8c                . = ALIGN (0x4)

.rel.dyn        0x0000000008002a8c        0x0
 .rel.iplt      0x0000000008002a8c        0x0 /Applications/STM32CubeIDE.app/Contents/Eclipse/plugins/com.st.stm32cube.ide.mcu.externaltools.gnu-tools-for-stm32.11.3.rel1.macos64_1.1.1.202309131626/tools/bin/../lib/gcc/arm-none-eabi/11.3.1/thumb/v7e-m+fp/hard/crtbegin.o

.ARM.extab      0x0000000008002a8c        0x0
                0x0000000008002a8c                . = ALIGN (0x4)
 *(.ARM.extab* .gnu.linkonce.armextab.*)
                0x0000000008002a8c                . = ALIGN (0x4)

.ARM            0x0000000008002a8c        0x0
                0x0000000008002a8c                . = ALIGN (0x4)
                0x0000000008002a8c                __exidx_start = .
 *(.ARM.exidx*)
                0x0000000008002a8c                __exidx_end = .
                0x0000000008002a8c                . = ALIGN (0x4)

.preinit_array  0x0000000008002a8c        0x0
                0x0000000008002a8c                . = ALIGN (0x4)
                0x0000000008002a8c                PROVIDE (__preinit_array_start = .)
 *(.preinit_array*)
                0x0000000008002a8c                PROVIDE (__preinit_array_end = .)
                0x0000000008002a8c                . = ALIGN (0x4)

.init_array     0x0000000008002a8c        0x4
                0x0000000008002a8c                . = ALIGN (0x4)
                0x0000000008002a8c                PROVIDE (__init_array_start = .)
 *(SORT_BY_NAME(.init_array.*))
 *(.init_array*)
 .init_array    0x0000000008002a8c        0x4 /Applications/STM32CubeIDE.app/Contents/Eclipse/plugins/com.st.stm32cube.ide.mcu.externaltools.gnu-tools-for-stm32.11.3.rel1.macos64_1.1.1.202309131626/tools/bin/../lib/gcc/arm-none-eabi/11.3.1/thumb/v7e-m+fp/hard/crtbegin.o
                0x0000000008002a90                PROVIDE (__init_array_end = .)
                0x0000000008002a90                . = ALIGN (0x4)

.fini_array     0x0000000008002a90        0x4
                0x0000000008002a90                . = ALIGN (0x4)
                [!provide]                        PROVIDE (__fini_array_start = .)
 *(SORT_BY_NAME(.fini_array.*))
 *(.fini_array*)
 .fini_array    0x0000000008002a90        0x4 /Applications/STM32CubeIDE.app/Contents/Eclipse/plugins/com.st.stm32cube.ide.mcu.externaltools.gnu-tools-for-stm32.11.3.rel1.macos64_1.1.1.202309131626/tools/bin/../lib/gcc/arm-none-eabi/11.3.1/thumb/v7e-m+fp/hard/crtbegin.o
                [!provide]                        PROVIDE (__fini_array_end = .)
                0x0000000008002a94                . = ALIGN (0x4)
                0x0000000008002a94                _sidata = LOADADDR (.data)

.data           0x0000000020000000       0x1c load address 0x0000000008002a94
                0x0000000020000000                . = ALIGN (0x4)
                0x0000000020000000                _sdata = .
 *(.data)
 *(.data*)
 .data.prev_color
                0x0000000020000000        0x3 ./Core/Src/main.o
                0x0000000020000000                prev_color
 *fill*         0x0000000020000003        0x1 
 .data.draw_color
                0x0000000020000004        0x3 ./Core/Src/main.o
                0x0000000020000004                draw_color
 *fill*         0x0000000020000007        0x1 
 .data.xcoord_data
                0x0000000020000008        0x2 ./Core/Src/main.o
                0x0000000020000008                xcoord_data
 .data.ycoord_data
                0x000000002000000a        0x2 ./Core/Src/main.o
                0x000000002000000a                ycoord_data
 .data.xcoord_adc_flag
                0x000000002000000c        0x1 ./Core/Src/main.o
                0x000000002000000c                xcoord_adc_flag
 .data.ycoord_adc_flag
                0x000000002000000d        0x1 ./Core/Src/main.o
                0x000000002000000d                ycoord_adc_flag
 .data.timer_flag
                0x000000002000000e        0x1 ./Core/Src/main.o
                0x000000002000000e                timer_flag
 *fill*         0x000000002000000f        0x1 
 .data.SystemCoreClock
                0x0000000020000010        0x4 ./Core/Src/system_stm32l4xx.o
                0x0000000020000010                SystemCoreClock
 .data.uwTickPrio
                0x0000000020000014        0x4 ./Drivers/STM32L4xx_HAL_Driver/Src/stm32l4xx_hal.o
                0x0000000020000014                uwTickPrio
 .data.uwTickFreq
                0x0000000020000018        0x1 ./Drivers/STM32L4xx_HAL_Driver/Src/stm32l4xx_hal.o
                0x0000000020000018                uwTickFreq
 *(.RamFunc)
 *(.RamFunc*)
                0x000000002000001c                . = ALIGN (0x4)
 *fill*         0x0000000020000019        0x3 
                0x000000002000001c                _edata = .

.igot.plt       0x000000002000001c        0x0 load address 0x0000000008002ab0
 .igot.plt      0x000000002000001c        0x0 /Applications/STM32CubeIDE.app/Contents/Eclipse/plugins/com.st.stm32cube.ide.mcu.externaltools.gnu-tools-for-stm32.11.3.rel1.macos64_1.1.1.202309131626/tools/bin/../lib/gcc/arm-none-eabi/11.3.1/thumb/v7e-m+fp/hard/crtbegin.o
                0x000000002000001c                . = ALIGN (0x4)

.bss            0x000000002000001c      0x62c load address 0x0000000008002ab0
                0x000000002000001c                _sbss = .
                0x000000002000001c                __bss_start__ = _sbss
 *(.bss)
 .bss           0x000000002000001c       0x1c /Applications/STM32CubeIDE.app/Contents/Eclipse/plugins/com.st.stm32cube.ide.mcu.externaltools.gnu-tools-for-stm32.11.3.rel1.macos64_1.1.1.202309131626/tools/bin/../lib/gcc/arm-none-eabi/11.3.1/thumb/v7e-m+fp/hard/crtbegin.o
 *(.bss*)
 .bss.matrix_buffer
                0x0000000020000038      0x600 ./Core/Src/main.o
                0x0000000020000038                matrix_buffer
 .bss.cursor_pos
                0x0000000020000638        0x2 ./Core/Src/main.o
                0x0000000020000638                cursor_pos
 *fill*         0x000000002000063a        0x2 
 .bss.prev_pos  0x000000002000063c        0x2 ./Core/Src/main.o
                0x000000002000063c                prev_pos
 .bss.drawing   0x000000002000063e        0x1 ./Core/Src/main.o
                0x000000002000063e                drawing
 .bss.button_flag
                0x000000002000063f        0x1 ./Core/Src/main.o
                0x000000002000063f                button_flag
 .bss.blink_count.1
                0x0000000020000640        0x1 ./Core/Src/main.o
 .bss.state.0   0x0000000020000641        0x1 ./Core/Src/main.o
 *fill*         0x0000000020000642        0x2 
 .bss.uwTick    0x0000000020000644        0x4 ./Drivers/STM32L4xx_HAL_Driver/Src/stm32l4xx_hal.o
                0x0000000020000644                uwTick
 *(COMMON)
                0x0000000020000648                . = ALIGN (0x4)
                0x0000000020000648                _ebss = .
                0x0000000020000648                __bss_end__ = _ebss

._user_heap_stack
                0x0000000020000648      0x600 load address 0x0000000008002ab0
                0x0000000020000648                . = ALIGN (0x8)
                [!provide]                        PROVIDE (end = .)
                0x0000000020000648                PROVIDE (_end = .)
                0x0000000020000848                . = (. + _Min_Heap_Size)
 *fill*         0x0000000020000648      0x200 
                0x0000000020000c48                . = (. + _Min_Stack_Size)
 *fill*         0x0000000020000848      0x400 
                0x0000000020000c48                . = ALIGN (0x8)

/DISCARD/
 libc.a(*)
 libm.a(*)
 libgcc.a(*)

.ARM.attributes
                0x0000000000000000       0x30
 *(.ARM.attributes)
 .ARM.attributes
                0x0000000000000000       0x1e /Applications/STM32CubeIDE.app/Contents/Eclipse/plugins/com.st.stm32cube.ide.mcu.externaltools.gnu-tools-for-stm32.11.3.rel1.macos64_1.1.1.202309131626/tools/bin/../lib/gcc/arm-none-eabi/11.3.1/thumb/v7e-m+fp/hard/crti.o
 .ARM.attributes
                0x000000000000001e       0x34 /Applications/STM32CubeIDE.app/Contents/Eclipse/plugins/com.st.stm32cube.ide.mcu.externaltools.gnu-tools-for-stm32.11.3.rel1.macos64_1.1.1.202309131626/tools/bin/../lib/gcc/arm-none-eabi/11.3.1/thumb/v7e-m+fp/hard/crtbegin.o
 .ARM.attributes
                0x0000000000000052       0x34 ./Core/Src/main.o
 .ARM.attributes
                0x0000000000000086       0x34 ./Core/Src/stm32l4xx_hal_msp.o
 .ARM.attributes
                0x00000000000000ba       0x34 ./Core/Src/stm32l4xx_it.o
 .ARM.attributes
                0x00000000000000ee       0x34 ./Core/Src/system_stm32l4xx.o
 .ARM.attributes
                0x0000000000000122       0x21 ./Core/Startup/startup_stm32l476rgtx.o
 .ARM.attributes
                0x0000000000000143       0x34 ./Drivers/STM32L4xx_HAL_Driver/Src/stm32l4xx_hal.o
 .ARM.attributes
                0x0000000000000177       0x34 ./Drivers/STM32L4xx_HAL_Driver/Src/stm32l4xx_hal_cortex.o
 .ARM.attributes
                0x00000000000001ab       0x34 ./Drivers/STM32L4xx_HAL_Driver/Src/stm32l4xx_hal_pwr_ex.o
 .ARM.attributes
                0x00000000000001df       0x34 ./Drivers/STM32L4xx_HAL_Driver/Src/stm32l4xx_hal_rcc.o
 .ARM.attributes
                0x0000000000000213       0x34 /Applications/STM32CubeIDE.app/Contents/Eclipse/plugins/com.st.stm32cube.ide.mcu.externaltools.gnu-tools-for-stm32.11.3.rel1.macos64_1.1.1.202309131626/tools/bin/../lib/gcc/arm-none-eabi/11.3.1/../../../../arm-none-eabi/lib/thumb/v7e-m+fp/hard/libc_nano.a(libc_a-memset.o)
 .ARM.attributes
                0x0000000000000247       0x34 /Applications/STM32CubeIDE.app/Contents/Eclipse/plugins/com.st.stm32cube.ide.mcu.externaltools.gnu-tools-for-stm32.11.3.rel1.macos64_1.1.1.202309131626/tools/bin/../lib/gcc/arm-none-eabi/11.3.1/../../../../arm-none-eabi/lib/thumb/v7e-m+fp/hard/libc_nano.a(libc_a-init.o)
 .ARM.attributes
                0x000000000000027b       0x1e /Applications/STM32CubeIDE.app/Contents/Eclipse/plugins/com.st.stm32cube.ide.mcu.externaltools.gnu-tools-for-stm32.11.3.rel1.macos64_1.1.1.202309131626/tools/bin/../lib/gcc/arm-none-eabi/11.3.1/thumb/v7e-m+fp/hard/crtn.o
OUTPUT(doodlestick.elf elf32-littlearm)
LOAD linker stubs
LOAD /Applications/STM32CubeIDE.app/Contents/Eclipse/plugins/com.st.stm32cube.ide.mcu.externaltools.gnu-tools-for-stm32.11.3.rel1.macos64_1.1.1.202309131626/tools/bin/../lib/gcc/arm-none-eabi/11.3.1/../../../../arm-none-eabi/lib/thumb/v7e-m+fp/hard/libc.a
LOAD /Applications/STM32CubeIDE.app/Contents/Eclipse/plugins/com.st.stm32cube.ide.mcu.externaltools.gnu-tools-for-stm32.11.3.rel1.macos64_1.1.1.202309131626/tools/bin/../lib/gcc/arm-none-eabi/11.3.1/../../../../arm-none-eabi/lib/thumb/v7e-m+fp/hard/libm.a
LOAD /Applications/STM32CubeIDE.app/Contents/Eclipse/plugins/com.st.stm32cube.ide.mcu.externaltools.gnu-tools-for-stm32.11.3.rel1.macos64_1.1.1.202309131626/tools/bin/../lib/gcc/arm-none-eabi/11.3.1/thumb/v7e-m+fp/hard/libgcc.a

.comment        0x0000000000000000       0x43
 .comment       0x0000000000000000       0x43 /Applications/STM32CubeIDE.app/Contents/Eclipse/plugins/com.st.stm32cube.ide.mcu.externaltools.gnu-tools-for-stm32.11.3.rel1.macos64_1.1.1.202309131626/tools/bin/../lib/gcc/arm-none-eabi/11.3.1/thumb/v7e-m+fp/hard/crtbegin.o
                                         0x44 (size before relaxing)
 .comment       0x0000000000000043       0x44 ./Core/Src/main.o
 .comment       0x0000000000000043       0x44 ./Core/Src/stm32l4xx_hal_msp.o
 .comment       0x0000000000000043       0x44 ./Core/Src/stm32l4xx_it.o
 .comment       0x0000000000000043       0x44 ./Core/Src/system_stm32l4xx.o
 .comment       0x0000000000000043       0x44 ./Drivers/STM32L4xx_HAL_Driver/Src/stm32l4xx_hal.o
 .comment       0x0000000000000043       0x44 ./Drivers/STM32L4xx_HAL_Driver/Src/stm32l4xx_hal_cortex.o
 .comment       0x0000000000000043       0x44 ./Drivers/STM32L4xx_HAL_Driver/Src/stm32l4xx_hal_pwr_ex.o
 .comment       0x0000000000000043       0x44 ./Drivers/STM32L4xx_HAL_Driver/Src/stm32l4xx_hal_rcc.o

.debug_info     0x0000000000000000     0x5f1f
 .debug_info    0x0000000000000000     0x1c10 ./Core/Src/main.o
 .debug_info    0x0000000000001c10      0xd21 ./Core/Src/stm32l4xx_hal_msp.o
 .debug_info    0x0000000000002931      0x113 ./Core/Src/stm32l4xx_it.o
 .debug_info    0x0000000000002a44      0x5b1 ./Core/Src/system_stm32l4xx.o
 .debug_info    0x0000000000002ff5       0x23 ./Core/Startup/startup_stm32l476rgtx.o
 .debug_info    0x0000000000003018      0xc09 ./Drivers/STM32L4xx_HAL_Driver/Src/stm32l4xx_hal.o
 .debug_info    0x0000000000003c21      0xd4c ./Drivers/STM32L4xx_HAL_Driver/Src/stm32l4xx_hal_cortex.o
 .debug_info    0x000000000000496d      0x99e ./Drivers/STM32L4xx_HAL_Driver/Src/stm32l4xx_hal_pwr_ex.o
 .debug_info    0x000000000000530b      0xc14 ./Drivers/STM32L4xx_HAL_Driver/Src/stm32l4xx_hal_rcc.o

.debug_abbrev   0x0000000000000000     0x11eb
 .debug_abbrev  0x0000000000000000      0x44c ./Core/Src/main.o
 .debug_abbrev  0x000000000000044c      0x1d2 ./Core/Src/stm32l4xx_hal_msp.o
 .debug_abbrev  0x000000000000061e       0x73 ./Core/Src/stm32l4xx_it.o
 .debug_abbrev  0x0000000000000691      0x11a ./Core/Src/system_stm32l4xx.o
 .debug_abbrev  0x00000000000007ab       0x12 ./Core/Startup/startup_stm32l476rgtx.o
 .debug_abbrev  0x00000000000007bd      0x243 ./Drivers/STM32L4xx_HAL_Driver/Src/stm32l4xx_hal.o
 .debug_abbrev  0x0000000000000a00      0x327 ./Drivers/STM32L4xx_HAL_Driver/Src/stm32l4xx_hal_cortex.o
 .debug_abbrev  0x0000000000000d27      0x1f9 ./Drivers/STM32L4xx_HAL_Driver/Src/stm32l4xx_hal_pwr_ex.o
 .debug_abbrev  0x0000000000000f20      0x2cb ./Drivers/STM32L4xx_HAL_Driver/Src/stm32l4xx_hal_rcc.o

.debug_aranges  0x0000000000000000      0x6f0
 .debug_aranges
                0x0000000000000000      0x1d8 ./Core/Src/main.o
 .debug_aranges
                0x00000000000001d8       0x30 ./Core/Src/stm32l4xx_hal_msp.o
 .debug_aranges
                0x0000000000000208       0x60 ./Core/Src/stm32l4xx_it.o
 .debug_aranges
                0x0000000000000268       0x28 ./Core/Src/system_stm32l4xx.o
 .debug_aranges
                0x0000000000000290       0x28 ./Core/Startup/startup_stm32l476rgtx.o
 .debug_aranges
                0x00000000000002b8      0x130 ./Drivers/STM32L4xx_HAL_Driver/Src/stm32l4xx_hal.o
 .debug_aranges
                0x00000000000003e8      0x118 ./Drivers/STM32L4xx_HAL_Driver/Src/stm32l4xx_hal_cortex.o
 .debug_aranges
                0x0000000000000500      0x160 ./Drivers/STM32L4xx_HAL_Driver/Src/stm32l4xx_hal_pwr_ex.o
 .debug_aranges
                0x0000000000000660       0x90 ./Drivers/STM32L4xx_HAL_Driver/Src/stm32l4xx_hal_rcc.o

.debug_rnglists
                0x0000000000000000      0x537
 .debug_rnglists
                0x0000000000000000      0x17e ./Core/Src/main.o
 .debug_rnglists
                0x000000000000017e       0x20 ./Core/Src/stm32l4xx_hal_msp.o
 .debug_rnglists
                0x000000000000019e       0x43 ./Core/Src/stm32l4xx_it.o
 .debug_rnglists
                0x00000000000001e1       0x1a ./Core/Src/system_stm32l4xx.o
 .debug_rnglists
                0x00000000000001fb       0x19 ./Core/Startup/startup_stm32l476rgtx.o
 .debug_rnglists
                0x0000000000000214       0xdf ./Drivers/STM32L4xx_HAL_Driver/Src/stm32l4xx_hal.o
 .debug_rnglists
                0x00000000000002f3       0xce ./Drivers/STM32L4xx_HAL_Driver/Src/stm32l4xx_hal_cortex.o
 .debug_rnglists
                0x00000000000003c1      0x109 ./Drivers/STM32L4xx_HAL_Driver/Src/stm32l4xx_hal_pwr_ex.o
 .debug_rnglists
                0x00000000000004ca       0x6d ./Drivers/STM32L4xx_HAL_Driver/Src/stm32l4xx_hal_rcc.o

.debug_macro    0x0000000000000000    0x25167
 .debug_macro   0x0000000000000000      0x2e0 ./Core/Src/main.o
 .debug_macro   0x00000000000002e0      0xaa8 ./Core/Src/main.o
 .debug_macro   0x0000000000000d88      0x1a1 ./Core/Src/main.o
 .debug_macro   0x0000000000000f29       0x2e ./Core/Src/main.o
 .debug_macro   0x0000000000000f57       0x28 ./Core/Src/main.o
 .debug_macro   0x0000000000000f7f       0x22 ./Core/Src/main.o
 .debug_macro   0x0000000000000fa1       0x8e ./Core/Src/main.o
 .debug_macro   0x000000000000102f       0x51 ./Core/Src/main.o
 .debug_macro   0x0000000000001080      0x103 ./Core/Src/main.o
 .debug_macro   0x0000000000001183       0x6a ./Core/Src/main.o
 .debug_macro   0x00000000000011ed      0x1df ./Core/Src/main.o
 .debug_macro   0x00000000000013cc       0x1c ./Core/Src/main.o
 .debug_macro   0x00000000000013e8       0x22 ./Core/Src/main.o
 .debug_macro   0x000000000000140a       0xfb ./Core/Src/main.o
 .debug_macro   0x0000000000001505     0x1011 ./Core/Src/main.o
 .debug_macro   0x0000000000002516      0x11f ./Core/Src/main.o
 .debug_macro   0x0000000000002635    0x1a17a ./Core/Src/main.o
 .debug_macro   0x000000000001c7af       0x6d ./Core/Src/main.o
 .debug_macro   0x000000000001c81c     0x38e6 ./Core/Src/main.o
 .debug_macro   0x0000000000020102      0x174 ./Core/Src/main.o
 .debug_macro   0x0000000000020276       0x5c ./Core/Src/main.o
 .debug_macro   0x00000000000202d2     0x159e ./Core/Src/main.o
 .debug_macro   0x0000000000021870      0x5a5 ./Core/Src/main.o
 .debug_macro   0x0000000000021e15      0x1b9 ./Core/Src/main.o
 .debug_macro   0x0000000000021fce      0x18b ./Core/Src/main.o
 .debug_macro   0x0000000000022159      0x26b ./Core/Src/main.o
 .debug_macro   0x00000000000223c4      0x23d ./Core/Src/main.o
 .debug_macro   0x0000000000022601      0x241 ./Core/Src/main.o
 .debug_macro   0x0000000000022842      0x37c ./Core/Src/main.o
 .debug_macro   0x0000000000022bbe       0xd6 ./Core/Src/main.o
 .debug_macro   0x0000000000022c94      0x122 ./Core/Src/main.o
 .debug_macro   0x0000000000022db6      0x3ef ./Core/Src/main.o
 .debug_macro   0x00000000000231a5      0x5cf ./Core/Src/main.o
 .debug_macro   0x0000000000023774       0x44 ./Core/Src/main.o
 .debug_macro   0x00000000000237b8      0x330 ./Core/Src/main.o
 .debug_macro   0x0000000000023ae8       0x58 ./Core/Src/main.o
 .debug_macro   0x0000000000023b40       0x61 ./Core/Src/main.o
 .debug_macro   0x0000000000023ba1       0x2a ./Core/Src/main.o
 .debug_macro   0x0000000000023bcb       0x43 ./Core/Src/main.o
 .debug_macro   0x0000000000023c0e       0x34 ./Core/Src/main.o
 .debug_macro   0x0000000000023c42       0x16 ./Core/Src/main.o
 .debug_macro   0x0000000000023c58       0x35 ./Core/Src/main.o
 .debug_macro   0x0000000000023c8d      0x369 ./Core/Src/main.o
 .debug_macro   0x0000000000023ff6       0x10 ./Core/Src/main.o
 .debug_macro   0x0000000000024006       0x16 ./Core/Src/main.o
 .debug_macro   0x000000000002401c       0x43 ./Core/Src/main.o
 .debug_macro   0x000000000002405f       0x34 ./Core/Src/main.o
 .debug_macro   0x0000000000024093       0x10 ./Core/Src/main.o
 .debug_macro   0x00000000000240a3       0x58 ./Core/Src/main.o
 .debug_macro   0x00000000000240fb       0x8e ./Core/Src/main.o
 .debug_macro   0x0000000000024189       0x1c ./Core/Src/main.o
 .debug_macro   0x00000000000241a5      0x177 ./Core/Src/main.o
 .debug_macro   0x000000000002431c       0x16 ./Core/Src/main.o
 .debug_macro   0x0000000000024332       0x16 ./Core/Src/main.o
 .debug_macro   0x0000000000024348      0x147 ./Core/Src/main.o
 .debug_macro   0x000000000002448f       0x10 ./Core/Src/main.o
 .debug_macro   0x000000000002449f       0x16 ./Core/Src/main.o
 .debug_macro   0x00000000000244b5       0x22 ./Core/Src/main.o
 .debug_macro   0x00000000000244d7      0x1bb ./Core/Src/stm32l4xx_hal_msp.o
 .debug_macro   0x0000000000024692      0x1c5 ./Core/Src/stm32l4xx_it.o
 .debug_macro   0x0000000000024857      0x1ac ./Core/Src/system_stm32l4xx.o
 .debug_macro   0x0000000000024a03      0x1fa ./Drivers/STM32L4xx_HAL_Driver/Src/stm32l4xx_hal.o
 .debug_macro   0x0000000000024bfd      0x1ac ./Drivers/STM32L4xx_HAL_Driver/Src/stm32l4xx_hal_cortex.o
 .debug_macro   0x0000000000024da9      0x1d0 ./Drivers/STM32L4xx_HAL_Driver/Src/stm32l4xx_hal_pwr_ex.o
 .debug_macro   0x0000000000024f79      0x1ee ./Drivers/STM32L4xx_HAL_Driver/Src/stm32l4xx_hal_rcc.o

.debug_line     0x0000000000000000     0x6072
 .debug_line    0x0000000000000000     0x17b9 ./Core/Src/main.o
 .debug_line    0x00000000000017b9      0x70b ./Core/Src/stm32l4xx_hal_msp.o
 .debug_line    0x0000000000001ec4      0x76e ./Core/Src/stm32l4xx_it.o
 .debug_line    0x0000000000002632      0x743 ./Core/Src/system_stm32l4xx.o
 .debug_line    0x0000000000002d75       0x7a ./Core/Startup/startup_stm32l476rgtx.o
 .debug_line    0x0000000000002def      0xa9c ./Drivers/STM32L4xx_HAL_Driver/Src/stm32l4xx_hal.o
 .debug_line    0x000000000000388b      0xc42 ./Drivers/STM32L4xx_HAL_Driver/Src/stm32l4xx_hal_cortex.o
 .debug_line    0x00000000000044cd      0xc93 ./Drivers/STM32L4xx_HAL_Driver/Src/stm32l4xx_hal_pwr_ex.o
 .debug_line    0x0000000000005160      0xf12 ./Drivers/STM32L4xx_HAL_Driver/Src/stm32l4xx_hal_rcc.o

.debug_str      0x0000000000000000    0xe69ef
 .debug_str     0x0000000000000000    0xe4eca ./Core/Src/main.o
                                      0xe52da (size before relaxing)
 .debug_str     0x00000000000e4eca      0x6da ./Core/Src/stm32l4xx_hal_msp.o
                                      0xe1535 (size before relaxing)
 .debug_str     0x00000000000e55a4       0xc9 ./Core/Src/stm32l4xx_it.o
                                      0xe0c97 (size before relaxing)
 .debug_str     0x00000000000e566d       0xf2 ./Core/Src/system_stm32l4xx.o
                                      0xe0cff (size before relaxing)
 .debug_str     0x00000000000e575f       0x34 ./Core/Startup/startup_stm32l476rgtx.o
                                         0x78 (size before relaxing)
 .debug_str     0x00000000000e5793      0x6d1 ./Drivers/STM32L4xx_HAL_Driver/Src/stm32l4xx_hal.o
                                      0xe18fe (size before relaxing)
 .debug_str     0x00000000000e5e64      0x31c ./Drivers/STM32L4xx_HAL_Driver/Src/stm32l4xx_hal_cortex.o
                                      0xe1546 (size before relaxing)
 .debug_str     0x00000000000e6180      0x52a ./Drivers/STM32L4xx_HAL_Driver/Src/stm32l4xx_hal_pwr_ex.o
                                      0xe125a (size before relaxing)
 .debug_str     0x00000000000e66aa      0x345 ./Drivers/STM32L4xx_HAL_Driver/Src/stm32l4xx_hal_rcc.o
                                      0xe1345 (size before relaxing)

.debug_frame    0x0000000000000000     0x1af8
 .debug_frame   0x0000000000000000      0x7fc ./Core/Src/main.o
 .debug_frame   0x00000000000007fc       0x84 ./Core/Src/stm32l4xx_hal_msp.o
 .debug_frame   0x0000000000000880      0x104 ./Core/Src/stm32l4xx_it.o
 .debug_frame   0x0000000000000984       0x58 ./Core/Src/system_stm32l4xx.o
 .debug_frame   0x00000000000009dc      0x498 ./Drivers/STM32L4xx_HAL_Driver/Src/stm32l4xx_hal.o
 .debug_frame   0x0000000000000e74      0x498 ./Drivers/STM32L4xx_HAL_Driver/Src/stm32l4xx_hal_cortex.o
 .debug_frame   0x000000000000130c      0x584 ./Drivers/STM32L4xx_HAL_Driver/Src/stm32l4xx_hal_pwr_ex.o
 .debug_frame   0x0000000000001890      0x21c ./Drivers/STM32L4xx_HAL_Driver/Src/stm32l4xx_hal_rcc.o
 .debug_frame   0x0000000000001aac       0x20 /Applications/STM32CubeIDE.app/Contents/Eclipse/plugins/com.st.stm32cube.ide.mcu.externaltools.gnu-tools-for-stm32.11.3.rel1.macos64_1.1.1.202309131626/tools/bin/../lib/gcc/arm-none-eabi/11.3.1/../../../../arm-none-eabi/lib/thumb/v7e-m+fp/hard/libc_nano.a(libc_a-memset.o)
 .debug_frame   0x0000000000001acc       0x2c /Applications/STM32CubeIDE.app/Contents/Eclipse/plugins/com.st.stm32cube.ide.mcu.externaltools.gnu-tools-for-stm32.11.3.rel1.macos64_1.1.1.202309131626/tools/bin/../lib/gcc/arm-none-eabi/11.3.1/../../../../arm-none-eabi/lib/thumb/v7e-m+fp/hard/libc_nano.a(libc_a-init.o)

.debug_line_str
                0x0000000000000000       0x6c
 .debug_line_str
                0x0000000000000000       0x6c ./Core/Startup/startup_stm32l476rgtx.o
                                         0x84 (size before relaxing)
